// Jest Snapshot v1, https://goo.gl/fbAQLP

exports[`SelectError Should return empty string if error prop weren't passed render 1`] = `""`;

exports[`SelectError Should show error message when provided 1`] = `
<span
  className="rs3__error"
>
  Test error
</span>
`;
